// Jest Snapshot v1, https://goo.gl/fbAQLP

exports[`renders this UI as expected 1`] = `
<main
  className="App"
>
  <header
    className="App-header"
  >
    <h1>
      Trelloyes!
    </h1>
  </header>
  <div
    className="App-list"
  >
    <section
      className="List"
    >
      <header
        className="List-header"
      >
        <h2>
          First list
        </h2>
      </header>
      <div
        className="List-cards"
      >
        <div
          className="Card"
        >
          <button
            type="button"
          >
            delete
          </button>
          <h3>
            First card
          </h3>
          <p>
            lorem ipsum
          </p>
        </div>
        <div
          className="Card"
        >
          <button
            type="button"
          >
            delete
          </button>
          <h3>
            Second card
          </h3>
          <p>
            lorem ipsum
          </p>
        </div>
        <div
          className="Card"
        >
          <button
            type="button"
          >
            delete
          </button>
          <h3>
            Fifth card
          </h3>
          <p>
            lorem ipsum
          </p>
        </div>
        <div
          className="Card"
        >
          <button
            type="button"
          >
            delete
          </button>
          <h3>
            Sixth card
          </h3>
          <p>
            lorem ipsum
          </p>
        </div>
        <div
          className="Card"
        >
          <button
            type="button"
          >
            delete
          </button>
          <h3>
            Seventh card
          </h3>
          <p>
            lorem ipsum
          </p>
        </div>
        <div
          className="Card"
        >
          <button
            type="button"
          >
            delete
          </button>
          <h3>
            Tenth card
          </h3>
          <p>
            lorem ipsum
          </p>
        </div>
        <div
          className="Card"
        >
          <button
            type="button"
          >
            delete
          </button>
          <h3>
            Twelfth card
          </h3>
          <p>
            lorem ipsum
          </p>
        </div>
        <div
          className="Card"
        >
          <button
            type="button"
          >
            delete
          </button>
          <h3>
            Thirteenth card
          </h3>
          <p>
            lorem ipsum
          </p>
        </div>
      </div>
    </section>
    <section
      className="List"
    >
      <header
        className="List-header"
      >
        <h2>
          Second list
        </h2>
      </header>
      <div
        className="List-cards"
      >
        <div
          className="Card"
        >
          <button
            type="button"
          >
            delete
          </button>
          <h3>
            Second card
          </h3>
          <p>
            lorem ipsum
          </p>
        </div>
        <div
          className="Card"
        >
          <button
            type="button"
          >
            delete
          </button>
          <h3>
            Third card
          </h3>
          <p>
            lorem ipsum
          </p>
        </div>
        <div
          className="Card"
        >
          <button
            type="button"
          >
            delete
          </button>
          <h3>
            Fourth card
          </h3>
          <p>
            lorem ipsum
          </p>
        </div>
        <div
          className="Card"
        >
          <button
            type="button"
          >
            delete
          </button>
          <h3>
            Sixth card
          </h3>
          <p>
            lorem ipsum
          </p>
        </div>
        <div
          className="Card"
        >
          <button
            type="button"
          >
            delete
          </button>
          <h3>
            Eighth card
          </h3>
          <p>
            lorem ipsum
          </p>
        </div>
        <div
          className="Card"
        >
          <button
            type="button"
          >
            delete
          </button>
          <h3>
            Ninth card
          </h3>
          <p>
            lorem ipsum
          </p>
        </div>
        <div
          className="Card"
        >
          <button
            type="button"
          >
            delete
          </button>
          <h3>
            Eleventh card
          </h3>
          <p>
            lorem ipsum
          </p>
        </div>
      </div>
    </section>
    <section
      className="List"
    >
      <header
        className="List-header"
      >
        <h2>
          Third list
        </h2>
      </header>
      <div
        className="List-cards"
      >
        <div
          className="Card"
        >
          <button
            type="button"
          >
            delete
          </button>
          <h3>
            First card
          </h3>
          <p>
            lorem ipsum
          </p>
        </div>
        <div
          className="Card"
        >
          <button
            type="button"
          >
            delete
          </button>
          <h3>
            Second card
          </h3>
          <p>
            lorem ipsum
          </p>
        </div>
        <div
          className="Card"
        >
          <button
            type="button"
          >
            delete
          </button>
          <h3>
            Third card
          </h3>
          <p>
            lorem ipsum
          </p>
        </div>
        <div
          className="Card"
        >
          <button
            type="button"
          >
            delete
          </button>
          <h3>
            Fourth card
          </h3>
          <p>
            lorem ipsum
          </p>
        </div>
        <div
          className="Card"
        >
          <button
            type="button"
          >
            delete
          </button>
          <h3>
            Fifth card
          </h3>
          <p>
            lorem ipsum
          </p>
        </div>
        <div
          className="Card"
        >
          <button
            type="button"
          >
            delete
          </button>
          <h3>
            Sixth card
          </h3>
          <p>
            lorem ipsum
          </p>
        </div>
        <div
          className="Card"
        >
          <button
            type="button"
          >
            delete
          </button>
          <h3>
            Seventh card
          </h3>
          <p>
            lorem ipsum
          </p>
        </div>
        <div
          className="Card"
        >
          <button
            type="button"
          >
            delete
          </button>
          <h3>
            Eighth card
          </h3>
          <p>
            lorem ipsum
          </p>
        </div>
        <div
          className="Card"
        >
          <button
            type="button"
          >
            delete
          </button>
          <h3>
            Ninth card
          </h3>
          <p>
            lorem ipsum
          </p>
        </div>
        <div
          className="Card"
        >
          <button
            type="button"
          >
            delete
          </button>
          <h3>
            Tenth card
          </h3>
          <p>
            lorem ipsum
          </p>
        </div>
        <div
          className="Card"
        >
          <button
            type="button"
          >
            delete
          </button>
          <h3>
            Eleventh card
          </h3>
          <p>
            lorem ipsum
          </p>
        </div>
        <div
          className="Card"
        >
          <button
            type="button"
          >
            delete
          </button>
          <h3>
            Twelfth card
          </h3>
          <p>
            lorem ipsum
          </p>
        </div>
        <div
          className="Card"
        >
          <button
            type="button"
          >
            delete
          </button>
          <h3>
            Thirteenth card
          </h3>
          <p>
            lorem ipsum
          </p>
        </div>
      </div>
    </section>
    <section
      className="List"
    >
      <header
        className="List-header"
      >
        <h2>
          Fourth list
        </h2>
      </header>
      <div
        className="List-cards"
      >
        <div
          className="Card"
        >
          <button
            type="button"
          >
            delete
          </button>
          <h3>
            Twelfth card
          </h3>
          <p>
            lorem ipsum
          </p>
        </div>
        <div
          className="Card"
        >
          <button
            type="button"
          >
            delete
          </button>
          <h3>
            Thirteenth card
          </h3>
          <p>
            lorem ipsum
          </p>
        </div>
      </div>
    </section>
  </div>
</main>
`;
